---
source: datafusion/property-tests/tests/physical_plan/builtin_plans/mod.rs
expression: output
---
## BoundedWindowAggExec ROW_NUMBER
  allowed limit_pushdown_missed: a window function can need later rows, as LEAD, NTILE, CUME_DIST and frames that end after the current row do, so a window operator cannot support limit pushdown in general; limit_pushdown_past_window pushes limits past the windows that only read earlier rows
  case default: no violations
  case single partition: no violations
  case inexact statistics: no violations
  case absent statistics: no violations
  case empty input: no violations
  case uniform constants: no violations
  case constants per partition: no violations
  case copied columns: no violations
  case sorted by row id: no violations
  case hash partitioned: no violations

## BoundedWindowAggExec RANK, DENSE_RANK and a running SUM
  allowed limit_pushdown_missed: a window function can need later rows, as LEAD, NTILE, CUME_DIST and frames that end after the current row do, so a window operator cannot support limit pushdown in general; limit_pushdown_past_window pushes limits past the windows that only read earlier rows
  case default: no violations
  case single partition: no violations
  case inexact statistics: no violations
  case absent statistics: no violations
  case empty input: no violations
  case uniform constants: no violations
  case constants per partition: no violations
  case copied columns: no violations
  case sorted by row id: no violations
  case hash partitioned: no violations

## BoundedWindowAggExec LAG and LEAD
  allowed limit_pushdown_missed: a window function can need later rows, as LEAD, NTILE, CUME_DIST and frames that end after the current row do, so a window operator cannot support limit pushdown in general; limit_pushdown_past_window pushes limits past the windows that only read earlier rows
  case default: no violations
  case single partition: no violations
  case inexact statistics: no violations
  case absent statistics: no violations
  case empty input: no violations
  case uniform constants: no violations
  case constants per partition: no violations
  case copied columns: no violations
  case sorted by row id: no violations
  case hash partitioned: no violations

## BoundedWindowAggExec SUM over a RANGE frame
  allowed limit_pushdown_missed: a window function can need later rows, as LEAD, NTILE, CUME_DIST and frames that end after the current row do, so a window operator cannot support limit pushdown in general; limit_pushdown_past_window pushes limits past the windows that only read earlier rows
  case default: no violations
  case single partition: no violations
  case inexact statistics: no violations
  case absent statistics: no violations
  case empty input: no violations
  case uniform constants: no violations
  case constants per partition: no violations
  case copied columns: no violations
  case sorted by row id: no violations
  case hash partitioned: no violations

## BoundedWindowAggExec ROW_NUMBER without PARTITION BY
  allowed limit_pushdown_missed: a window function can need later rows, as LEAD, NTILE, CUME_DIST and frames that end after the current row do, so a window operator cannot support limit pushdown in general; limit_pushdown_past_window pushes limits past the windows that only read earlier rows
  case default: no violations
  case single partition: no violations
  case inexact statistics: no violations
  case absent statistics: no violations
  case empty input: no violations
  case uniform constants: no violations
  case constants per partition: no violations
  case copied columns: no violations
  case sorted by row id: no violations
  case hash partitioned: no violations

## BoundedWindowAggExec PartiallySorted
  allowed limit_pushdown_missed: a window function can need later rows, as LEAD, NTILE, CUME_DIST and frames that end after the current row do, so a window operator cannot support limit pushdown in general; limit_pushdown_past_window pushes limits past the windows that only read earlier rows
  case default: no violations
  case single partition: no violations
  case inexact statistics: no violations
  case absent statistics: no violations
  case empty input: no violations
  case uniform constants: no violations
  case constants per partition: no violations
  case copied columns: no violations
  case sorted by row id: no violations
  case hash partitioned: no violations

## BoundedWindowAggExec Linear
  allowed limit_pushdown_missed: a window function can need later rows, as LEAD, NTILE, CUME_DIST and frames that end after the current row do, so a window operator cannot support limit pushdown in general; limit_pushdown_past_window pushes limits past the windows that only read earlier rows
  case default: no violations
  case single partition: no violations
  case inexact statistics: no violations
  case absent statistics: no violations
  case empty input: no violations
  case uniform constants: no violations
  case constants per partition: no violations
  case copied columns: no violations
  case sorted by row id: no violations
  case hash partitioned: no violations

## WindowAggExec SUM over the whole window partition
  allowed limit_pushdown_missed: a window function can need later rows, as LEAD, NTILE, CUME_DIST and frames that end after the current row do, so a window operator cannot support limit pushdown in general; limit_pushdown_past_window pushes limits past the windows that only read earlier rows
  case default: no violations
  case single partition: no violations
  case inexact statistics: no violations
  case absent statistics: no violations
  case empty input: no violations
  case uniform constants: no violations
  case constants per partition: no violations
  case copied columns: no violations
  case sorted by row id: no violations
  case hash partitioned: no violations

## WindowAggExec NTILE and CUME_DIST
  allowed limit_pushdown_missed: a window function can need later rows, as LEAD, NTILE, CUME_DIST and frames that end after the current row do, so a window operator cannot support limit pushdown in general; limit_pushdown_past_window pushes limits past the windows that only read earlier rows
  case default: no violations
  case single partition: no violations
  case inexact statistics: no violations
  case absent statistics: no violations
  case empty input: no violations
  case uniform constants: no violations
  case constants per partition: no violations
  case copied columns: no violations
  case sorted by row id: no violations
  case hash partitioned: no violations

## WindowAggExec SUM without PARTITION BY
  allowed limit_pushdown_missed: a window function can need later rows, as LEAD, NTILE, CUME_DIST and frames that end after the current row do, so a window operator cannot support limit pushdown in general; limit_pushdown_past_window pushes limits past the windows that only read earlier rows
  case default: no violations
  case single partition: no violations
  case inexact statistics: no violations
  case absent statistics: no violations
  case empty input: no violations
  case uniform constants: no violations
  case constants per partition: no violations
  case copied columns: no violations
  case sorted by row id: no violations
  case hash partitioned: no violations

## PartitionedTopKExec ROW_NUMBER
  allowed limit_pushdown_missed: a window function can need later rows, as LEAD, NTILE, CUME_DIST and frames that end after the current row do, so a window operator cannot support limit pushdown in general; limit_pushdown_past_window pushes limits past the windows that only read earlier rows
  case default: no violations
  case single partition: no violations
  case inexact statistics: no violations
  case absent statistics: no violations
  case empty input: no violations
  case uniform constants: no violations
  case constants per partition: no violations
  case copied columns: no violations
  case sorted by row id: no violations
  case hash partitioned: no violations

## PartitionedTopKExec RANK
  allowed limit_pushdown_missed: a window function can need later rows, as LEAD, NTILE, CUME_DIST and frames that end after the current row do, so a window operator cannot support limit pushdown in general; limit_pushdown_past_window pushes limits past the windows that only read earlier rows
  case default: no violations
  case single partition: no violations
  case inexact statistics: no violations
  case absent statistics: no violations
  case empty input: no violations
  case uniform constants: no violations
  case constants per partition: no violations
  case copied columns: no violations
  case sorted by row id: no violations
  case hash partitioned: no violations
