---
source: datafusion/property-tests/tests/physical_plan/builtin_plans/mod.rs
expression: output
---
## DataSourceExec MemorySourceConfig
  case default: no violations
  case single partition: no violations
  case inexact statistics: no violations
  case absent statistics: no violations
  case empty input: no violations
  case uniform constants: no violations
  case constants per partition: no violations
  case copied columns: no violations
  case sorted by row id: no violations
  case hash partitioned: no violations

## DataSourceExec MemorySourceConfig with projection
  case default: no violations
  case single partition: no violations
  case inexact statistics: no violations
  case absent statistics: no violations
  case empty input: no violations
  case uniform constants: no violations
  case constants per partition: no violations
  case copied columns: no violations
  case sorted by row id: no violations
  case hash partitioned: no violations

## DataSourceExec MemorySourceConfig with limit
  case default:
    DataSourceExec: partitions=3, partition_sizes=[1, 0, 1], fetch=10
    [invariant] fetch_bounds_num_rows at DataSourceExec (root): fetch() is Some(10), but overall num_rows is Exact(600), which is more than the fetch allows (30)
    [invariant] fetch_bounds_num_rows at DataSourceExec (root): fetch() is Some(10), but partition 0 num_rows is Exact(200), which is more than the fetch allows (10)
    [invariant] fetch_bounds_num_rows at DataSourceExec (root): fetch() is Some(10), but partition 2 num_rows is Exact(400), which is more than the fetch allows (10)
  case single partition:
    DataSourceExec: partitions=1, partition_sizes=[1], fetch=10
    [invariant] fetch_bounds_num_rows at DataSourceExec (root): fetch() is Some(10), but overall num_rows is Exact(600), which is more than the fetch allows (10)
  case inexact statistics:
    DataSourceExec: partitions=3, partition_sizes=[1, 0, 1], fetch=10
    [invariant] fetch_bounds_num_rows at DataSourceExec (root): fetch() is Some(10), but overall num_rows is Exact(600), which is more than the fetch allows (30)
    [invariant] fetch_bounds_num_rows at DataSourceExec (root): fetch() is Some(10), but partition 0 num_rows is Exact(200), which is more than the fetch allows (10)
    [invariant] fetch_bounds_num_rows at DataSourceExec (root): fetch() is Some(10), but partition 2 num_rows is Exact(400), which is more than the fetch allows (10)
  case absent statistics:
    DataSourceExec: partitions=3, partition_sizes=[1, 0, 1], fetch=10
    [invariant] fetch_bounds_num_rows at DataSourceExec (root): fetch() is Some(10), but overall num_rows is Exact(600), which is more than the fetch allows (30)
    [invariant] fetch_bounds_num_rows at DataSourceExec (root): fetch() is Some(10), but partition 0 num_rows is Exact(200), which is more than the fetch allows (10)
    [invariant] fetch_bounds_num_rows at DataSourceExec (root): fetch() is Some(10), but partition 2 num_rows is Exact(400), which is more than the fetch allows (10)
  case empty input: no violations
  case uniform constants:
    DataSourceExec: partitions=3, partition_sizes=[1, 0, 1], fetch=10
    [invariant] fetch_bounds_num_rows at DataSourceExec (root): fetch() is Some(10), but overall num_rows is Exact(600), which is more than the fetch allows (30)
    [invariant] fetch_bounds_num_rows at DataSourceExec (root): fetch() is Some(10), but partition 0 num_rows is Exact(200), which is more than the fetch allows (10)
    [invariant] fetch_bounds_num_rows at DataSourceExec (root): fetch() is Some(10), but partition 2 num_rows is Exact(400), which is more than the fetch allows (10)
  case constants per partition:
    DataSourceExec: partitions=3, partition_sizes=[1, 0, 1], fetch=10
    [invariant] fetch_bounds_num_rows at DataSourceExec (root): fetch() is Some(10), but overall num_rows is Exact(600), which is more than the fetch allows (30)
    [invariant] fetch_bounds_num_rows at DataSourceExec (root): fetch() is Some(10), but partition 0 num_rows is Exact(200), which is more than the fetch allows (10)
    [invariant] fetch_bounds_num_rows at DataSourceExec (root): fetch() is Some(10), but partition 2 num_rows is Exact(400), which is more than the fetch allows (10)
  case copied columns:
    DataSourceExec: partitions=3, partition_sizes=[1, 0, 1], fetch=10
    [invariant] fetch_bounds_num_rows at DataSourceExec (root): fetch() is Some(10), but overall num_rows is Exact(600), which is more than the fetch allows (30)
    [invariant] fetch_bounds_num_rows at DataSourceExec (root): fetch() is Some(10), but partition 0 num_rows is Exact(200), which is more than the fetch allows (10)
    [invariant] fetch_bounds_num_rows at DataSourceExec (root): fetch() is Some(10), but partition 2 num_rows is Exact(400), which is more than the fetch allows (10)
  case sorted by row id:
    DataSourceExec: partitions=3, partition_sizes=[1, 0, 1], fetch=10, output_ordering=__row_id@3 ASC
    [invariant] fetch_bounds_num_rows at DataSourceExec (root): fetch() is Some(10), but overall num_rows is Exact(600), which is more than the fetch allows (30)
    [invariant] fetch_bounds_num_rows at DataSourceExec (root): fetch() is Some(10), but partition 0 num_rows is Exact(200), which is more than the fetch allows (10)
    [invariant] fetch_bounds_num_rows at DataSourceExec (root): fetch() is Some(10), but partition 2 num_rows is Exact(400), which is more than the fetch allows (10)
  case hash partitioned:
    DataSourceExec: partitions=3, partition_sizes=[1, 1, 1], fetch=10
    [invariant] fetch_bounds_num_rows at DataSourceExec (root): fetch() is Some(10), but overall num_rows is Exact(600), which is more than the fetch allows (30)
    [invariant] fetch_bounds_num_rows at DataSourceExec (root): fetch() is Some(10), but partition 0 num_rows is Exact(146), which is more than the fetch allows (10)
    [invariant] fetch_bounds_num_rows at DataSourceExec (root): fetch() is Some(10), but partition 1 num_rows is Exact(236), which is more than the fetch allows (10)
    [invariant] fetch_bounds_num_rows at DataSourceExec (root): fetch() is Some(10), but partition 2 num_rows is Exact(218), which is more than the fetch allows (10)

## DataSourceExec values
  case default: no violations

## DataSourceExec Parquet
  case default: no violations
  case single partition: no violations
  case inexact statistics: no violations
  case absent statistics: no violations
  case empty input: no violations
  case uniform constants: no violations
  case constants per partition: no violations
  case copied columns: no violations
  case sorted by row id: no violations
  case hash partitioned: no violations

## DataSourceExec CSV
  case default: no violations
  case single partition: no violations
  case inexact statistics: no violations
  case absent statistics: no violations
  case empty input: no violations
  case uniform constants: no violations
  case constants per partition: no violations
  case copied columns: no violations
  case sorted by row id: no violations
  case hash partitioned: no violations

## DataSourceExec JSON
  case default: no violations
  case single partition: no violations
  case inexact statistics: no violations
  case absent statistics: no violations
  case empty input: no violations
  case uniform constants: no violations
  case constants per partition: no violations
  case copied columns: no violations
  case sorted by row id: no violations
  case hash partitioned: no violations

## DataSourceExec Arrow
  case default: no violations
  case single partition: no violations
  case inexact statistics: no violations
  case absent statistics: no violations
  case empty input: no violations
  case uniform constants: no violations
  case constants per partition: no violations
  case copied columns: no violations
  case sorted by row id: no violations
  case hash partitioned: no violations

## DataSourceExec Parquet with projection and limit
  case default:
    DataSourceExec: file_groups={3 groups: [[data/part-0.parquet], [data/part-1.parquet], [data/part-2.parquet]]}, projection=[a, c, __row_id], limit=10, file_type=parquet
    [invariant] fetch_bounds_num_rows at DataSourceExec (root): fetch() is Some(10), but overall num_rows is Exact(600), which is more than the fetch allows (30)
    [invariant] fetch_bounds_num_rows at DataSourceExec (root): fetch() is Some(10), but partition 0 num_rows is Exact(200), which is more than the fetch allows (10)
    [invariant] fetch_bounds_num_rows at DataSourceExec (root): fetch() is Some(10), but partition 2 num_rows is Exact(400), which is more than the fetch allows (10)
  case single partition:
    DataSourceExec: file_groups={1 group: [[data/part-0.parquet]]}, projection=[a, c, __row_id], limit=10, file_type=parquet
    [invariant] fetch_bounds_num_rows at DataSourceExec (root): fetch() is Some(10), but overall num_rows is Exact(600), which is more than the fetch allows (10)
  case inexact statistics:
    DataSourceExec: file_groups={3 groups: [[data/part-0.parquet], [data/part-1.parquet], [data/part-2.parquet]]}, projection=[a, c, __row_id], limit=10, file_type=parquet
    [lint] fetch_bounds_num_rows at DataSourceExec (root): fetch() is Some(10), but the overall num_rows estimate Inexact(600) is more than the fetch allows (30)
    [lint] fetch_bounds_num_rows at DataSourceExec (root): fetch() is Some(10), but the partition 0 num_rows estimate Inexact(200) is more than the fetch allows (10)
    [lint] fetch_bounds_num_rows at DataSourceExec (root): fetch() is Some(10), but the partition 2 num_rows estimate Inexact(400) is more than the fetch allows (10)
  case absent statistics: no violations
  case empty input: no violations
  case uniform constants:
    DataSourceExec: file_groups={3 groups: [[data/part-0.parquet], [data/part-1.parquet], [data/part-2.parquet]]}, projection=[a, c, __row_id], limit=10, file_type=parquet
    [invariant] fetch_bounds_num_rows at DataSourceExec (root): fetch() is Some(10), but overall num_rows is Exact(600), which is more than the fetch allows (30)
    [invariant] fetch_bounds_num_rows at DataSourceExec (root): fetch() is Some(10), but partition 0 num_rows is Exact(200), which is more than the fetch allows (10)
    [invariant] fetch_bounds_num_rows at DataSourceExec (root): fetch() is Some(10), but partition 2 num_rows is Exact(400), which is more than the fetch allows (10)
  case constants per partition:
    DataSourceExec: file_groups={3 groups: [[data/part-0.parquet], [data/part-1.parquet], [data/part-2.parquet]]}, projection=[a, c, __row_id], limit=10, file_type=parquet
    [invariant] fetch_bounds_num_rows at DataSourceExec (root): fetch() is Some(10), but overall num_rows is Exact(600), which is more than the fetch allows (30)
    [invariant] fetch_bounds_num_rows at DataSourceExec (root): fetch() is Some(10), but partition 0 num_rows is Exact(200), which is more than the fetch allows (10)
    [invariant] fetch_bounds_num_rows at DataSourceExec (root): fetch() is Some(10), but partition 2 num_rows is Exact(400), which is more than the fetch allows (10)
  case copied columns:
    DataSourceExec: file_groups={3 groups: [[data/part-0.parquet], [data/part-1.parquet], [data/part-2.parquet]]}, projection=[a, c, a__copy, b__copy, c__copy, __row_id], limit=10, file_type=parquet
    [invariant] fetch_bounds_num_rows at DataSourceExec (root): fetch() is Some(10), but overall num_rows is Exact(600), which is more than the fetch allows (30)
    [invariant] fetch_bounds_num_rows at DataSourceExec (root): fetch() is Some(10), but partition 0 num_rows is Exact(200), which is more than the fetch allows (10)
    [invariant] fetch_bounds_num_rows at DataSourceExec (root): fetch() is Some(10), but partition 2 num_rows is Exact(400), which is more than the fetch allows (10)
  case sorted by row id:
    DataSourceExec: file_groups={3 groups: [[data/part-0.parquet], [data/part-1.parquet], [data/part-2.parquet]]}, projection=[a, c, __row_id], limit=10, output_ordering=[__row_id@2 ASC], file_type=parquet
    [invariant] fetch_bounds_num_rows at DataSourceExec (root): fetch() is Some(10), but overall num_rows is Exact(600), which is more than the fetch allows (30)
    [invariant] fetch_bounds_num_rows at DataSourceExec (root): fetch() is Some(10), but partition 0 num_rows is Exact(200), which is more than the fetch allows (10)
    [invariant] fetch_bounds_num_rows at DataSourceExec (root): fetch() is Some(10), but partition 2 num_rows is Exact(400), which is more than the fetch allows (10)
  case hash partitioned:
    DataSourceExec: file_groups={3 groups: [[data/part-0.parquet], [data/part-1.parquet], [data/part-2.parquet]]}, projection=[a, c, __row_id], limit=10, output_partitioning=Hash([a@0], 3), file_type=parquet
    [invariant] fetch_bounds_num_rows at DataSourceExec (root): fetch() is Some(10), but overall num_rows is Exact(600), which is more than the fetch allows (30)
    [invariant] fetch_bounds_num_rows at DataSourceExec (root): fetch() is Some(10), but partition 0 num_rows is Exact(146), which is more than the fetch allows (10)
    [invariant] fetch_bounds_num_rows at DataSourceExec (root): fetch() is Some(10), but partition 1 num_rows is Exact(236), which is more than the fetch allows (10)
    [invariant] fetch_bounds_num_rows at DataSourceExec (root): fetch() is Some(10), but partition 2 num_rows is Exact(218), which is more than the fetch allows (10)

## LazyMemoryExec
  case default: no violations
  case single partition: no violations
  case inexact statistics: no violations
  case absent statistics: no violations
  case empty input: no violations
  case uniform constants: no violations
  case constants per partition: no violations
  case copied columns: no violations
  case sorted by row id: no violations
  case hash partitioned: no violations

## LazyMemoryExec with projection
  case default: no violations
  case single partition: no violations
  case inexact statistics: no violations
  case absent statistics: no violations
  case empty input: no violations
  case uniform constants: no violations
  case constants per partition: no violations
  case copied columns: no violations
  case sorted by row id: no violations
  case hash partitioned: no violations

## StreamingTableExec
  case default: no violations
  case single partition: no violations
  case inexact statistics: no violations
  case absent statistics: no violations
  case empty input: no violations
  case uniform constants: no violations
  case constants per partition: no violations
  case copied columns: no violations
  case sorted by row id: no violations
  case hash partitioned: no violations

## StreamingTableExec with projection and limit
  case default: no violations
  case single partition: no violations
  case inexact statistics: no violations
  case absent statistics: no violations
  case empty input: no violations
  case uniform constants: no violations
  case constants per partition: no violations
  case copied columns: no violations
  case sorted by row id: no violations
  case hash partitioned: no violations

## StreamingTableExec infinite
  case default: no violations
  case single partition: no violations
  case inexact statistics: no violations
  case absent statistics: no violations
  case empty input: no violations
  case uniform constants: no violations
  case constants per partition: no violations
  case copied columns: no violations
  case sorted by row id: no violations
  case hash partitioned: no violations

## DataSinkExec MemSink
  case default: no violations
  case single partition: no violations
  case inexact statistics: no violations
  case absent statistics: no violations
  case empty input: no violations
  case uniform constants: no violations
  case constants per partition: no violations
  case copied columns: no violations
  case sorted by row id: no violations
  case hash partitioned: no violations

## DataSinkExec with a sort order
  case default: no violations
  case single partition: no violations
  case inexact statistics: no violations
  case absent statistics: no violations
  case empty input: no violations
  case uniform constants: no violations
  case constants per partition: no violations
  case copied columns: no violations
  case sorted by row id: no violations
  case hash partitioned: no violations

## MemDeleteExec
  case default: no violations
  case single partition: no violations
  case inexact statistics: no violations
  case absent statistics: no violations
  case empty input: no violations
  case uniform constants: no violations
  case constants per partition: no violations
  case copied columns: no violations
  case sorted by row id: no violations
  case hash partitioned: no violations

## MemUpdateExec
  case default: no violations
  case single partition: no violations
  case inexact statistics: no violations
  case absent statistics: no violations
  case empty input: no violations
  case uniform constants: no violations
  case constants per partition: no violations
  case copied columns: no violations
  case sorted by row id: no violations
  case hash partitioned: no violations
