---
source: datafusion/physical-plan-checks/tests/builtin_plans.rs
expression: output
---
## EmptyExec
  case default: no violations

## PlaceholderRowExec
  case default:
    PlaceholderRowExec
    [invariant] batch_schema at PlaceholderRowExec (root): batch 0 of partition 0: column 0 is 'placeholder_0' Null, but schema() declares 'a' Int32
    [invariant] batch_schema at PlaceholderRowExec (root): batch 0 of partition 0: column 1 is 'placeholder_1' Null, but schema() declares 'b' Boolean
    [invariant] batch_schema at PlaceholderRowExec (root): batch 0 of partition 0: column 2 is 'placeholder_2' Null, but schema() declares 'c' Utf8

## ProjectionExec
  case default: no violations
  case single partition: no violations
  case inexact statistics: no violations
  case absent statistics: no violations
  case empty input: no violations
  case uniform constants: no violations
  case constants per partition: no violations

## ProjectionExec with a literal
  case default:
    ProjectionExec: expr=[a@0 as a, 1 as one]
      MockSourceExec: partitioning=UnknownPartitioning(3), partition_rows=[200, 0, 400], statistics=Exact
    [invariant] exact_statistics_hold at ProjectionExec (root): the partition 1 statistics are false: distinct_count of one@1 is Exact(1), but the output has Exact(0)
  case single partition: no violations
  case inexact statistics:
    ProjectionExec: expr=[a@0 as a, 1 as one]
      MockSourceExec: partitioning=UnknownPartitioning(3), partition_rows=[200, 0, 400], statistics=Inexact
    [invariant] exact_statistics_hold at ProjectionExec (root): the partition 1 statistics are false: distinct_count of one@1 is Exact(1), but the output has Exact(0)
  case absent statistics:
    ProjectionExec: expr=[a@0 as a, 1 as one]
      MockSourceExec: partitioning=UnknownPartitioning(3), partition_rows=[200, 0, 400], statistics=Absent
    [invariant] exact_statistics_hold at ProjectionExec (root): the partition 1 statistics are false: distinct_count of one@1 is Exact(1), but the output has Exact(0)
  case empty input:
    ProjectionExec: expr=[a@0 as a, 1 as one]
      MockSourceExec: partitioning=UnknownPartitioning(3), partition_rows=[0, 0, 0], statistics=Exact
    [invariant] exact_statistics_hold at ProjectionExec (root): the overall statistics are false: distinct_count of one@1 is Exact(1), but the output has Exact(0)
    [invariant] exact_statistics_hold at ProjectionExec (root): the partition 0 statistics are false: distinct_count of one@1 is Exact(1), but the output has Exact(0)
    [invariant] exact_statistics_hold at ProjectionExec (root): the partition 1 statistics are false: distinct_count of one@1 is Exact(1), but the output has Exact(0)
    [invariant] exact_statistics_hold at ProjectionExec (root): the partition 2 statistics are false: distinct_count of one@1 is Exact(1), but the output has Exact(0)
  case uniform constants:
    ProjectionExec: expr=[a@0 as a, 1 as one]
      MockSourceExec: partitioning=UnknownPartitioning(3), partition_rows=[200, 0, 400], statistics=Exact, constants=[a@0(uniform: 11),b@1(uniform: false),c@2(uniform: s000)]
    [invariant] exact_statistics_hold at ProjectionExec (root): the partition 1 statistics are false: distinct_count of one@1 is Exact(1), but the output has Exact(0)
  case constants per partition:
    ProjectionExec: expr=[a@0 as a, 1 as one]
      MockSourceExec: partitioning=UnknownPartitioning(3), partition_rows=[200, 0, 400], statistics=Exact, constants=[a@0(heterogeneous),b@1(heterogeneous),c@2(heterogeneous)]
    [invariant] exact_statistics_hold at ProjectionExec (root): the partition 1 statistics are false: distinct_count of one@1 is Exact(1), but the output has Exact(0)

## FilterExec
  case default: no violations
  case single partition: no violations
  case inexact statistics: no violations
  case absent statistics: no violations
  case empty input: no violations
  case uniform constants: no violations
  case constants per partition: no violations

## FilterExec with fetch
  case default:
    FilterExec: b@1, fetch=10
      MockSourceExec: partitioning=UnknownPartitioning(3), partition_rows=[200, 0, 400], statistics=Exact
    [lint] fetch_bounds_num_rows at FilterExec (root): fetch() is Some(10), but the overall num_rows estimate Inexact(120) is more than the fetch allows (30)
    [lint] fetch_bounds_num_rows at FilterExec (root): fetch() is Some(10), but the partition 0 num_rows estimate Inexact(40) is more than the fetch allows (10)
    [lint] fetch_bounds_num_rows at FilterExec (root): fetch() is Some(10), but the partition 2 num_rows estimate Inexact(80) is more than the fetch allows (10)
  case single partition:
    FilterExec: b@1, fetch=10
      MockSourceExec: partitioning=UnknownPartitioning(1), partition_rows=[600], statistics=Exact
    [lint] fetch_bounds_num_rows at FilterExec (root): fetch() is Some(10), but the overall num_rows estimate Inexact(120) is more than the fetch allows (10)
  case inexact statistics:
    FilterExec: b@1, fetch=10
      MockSourceExec: partitioning=UnknownPartitioning(3), partition_rows=[200, 0, 400], statistics=Inexact
    [lint] fetch_bounds_num_rows at FilterExec (root): fetch() is Some(10), but the overall num_rows estimate Inexact(120) is more than the fetch allows (30)
    [lint] fetch_bounds_num_rows at FilterExec (root): fetch() is Some(10), but the partition 0 num_rows estimate Inexact(40) is more than the fetch allows (10)
    [lint] fetch_bounds_num_rows at FilterExec (root): fetch() is Some(10), but the partition 2 num_rows estimate Inexact(80) is more than the fetch allows (10)
  case absent statistics: no violations
  case empty input: no violations
  case uniform constants:
    FilterExec: b@1, fetch=10
      MockSourceExec: partitioning=UnknownPartitioning(3), partition_rows=[200, 0, 400], statistics=Exact, constants=[a@0(uniform: 11),b@1(uniform: false),c@2(uniform: s000)]
    [lint] fetch_bounds_num_rows at FilterExec (root): fetch() is Some(10), but the overall num_rows estimate Inexact(120) is more than the fetch allows (30)
    [lint] fetch_bounds_num_rows at FilterExec (root): fetch() is Some(10), but the partition 0 num_rows estimate Inexact(40) is more than the fetch allows (10)
    [lint] fetch_bounds_num_rows at FilterExec (root): fetch() is Some(10), but the partition 2 num_rows estimate Inexact(80) is more than the fetch allows (10)
  case constants per partition:
    FilterExec: b@1, fetch=10
      MockSourceExec: partitioning=UnknownPartitioning(3), partition_rows=[200, 0, 400], statistics=Exact, constants=[a@0(heterogeneous),b@1(heterogeneous),c@2(heterogeneous)]
    [lint] fetch_bounds_num_rows at FilterExec (root): fetch() is Some(10), but the overall num_rows estimate Inexact(120) is more than the fetch allows (30)
    [lint] fetch_bounds_num_rows at FilterExec (root): fetch() is Some(10), but the partition 0 num_rows estimate Inexact(40) is more than the fetch allows (10)
    [lint] fetch_bounds_num_rows at FilterExec (root): fetch() is Some(10), but the partition 2 num_rows estimate Inexact(80) is more than the fetch allows (10)

## FilterExec on an equality
  allowed emission_type_holds: the filter keeps one row in 16 and emits batches of 8192 rows (filter.rs:81), so it needs about 131072 rows per input partition before it emits, more than the unbounded input delivers (65536)
  case default: no violations
  case single partition: no violations
  case inexact statistics: no violations
  case absent statistics: no violations
  case empty input: no violations
  case uniform constants: no violations
  case constants per partition: no violations

## CoalesceBatchesExec
  case default:
    CoalesceBatchesExec: target_batch_size=8192
      MockSourceExec: partitioning=UnknownPartitioning(3), partition_rows=[200, 0, 400], statistics=Exact
    [lint] limit_pushdown_missed at CoalesceBatchesExec (root): supports_limit_pushdown() is false, but with every child limited to its first n rows per partition, for n in [1, 7, 601], every output partition has the first n rows of the same partition of the normal output, so a limit above the node could be pushed to its children; return true from supports_limit_pushdown if this holds for every input
  case single partition:
    CoalesceBatchesExec: target_batch_size=8192
      MockSourceExec: partitioning=UnknownPartitioning(1), partition_rows=[600], statistics=Exact
    [lint] limit_pushdown_missed at CoalesceBatchesExec (root): supports_limit_pushdown() is false, but with every child limited to its first n rows per partition, for n in [1, 7, 601], every output partition has the first n rows of the same partition of the normal output, so a limit above the node could be pushed to its children; return true from supports_limit_pushdown if this holds for every input
  case inexact statistics:
    CoalesceBatchesExec: target_batch_size=8192
      MockSourceExec: partitioning=UnknownPartitioning(3), partition_rows=[200, 0, 400], statistics=Inexact
    [lint] limit_pushdown_missed at CoalesceBatchesExec (root): supports_limit_pushdown() is false, but with every child limited to its first n rows per partition, for n in [1, 7, 601], every output partition has the first n rows of the same partition of the normal output, so a limit above the node could be pushed to its children; return true from supports_limit_pushdown if this holds for every input
  case absent statistics:
    CoalesceBatchesExec: target_batch_size=8192
      MockSourceExec: partitioning=UnknownPartitioning(3), partition_rows=[200, 0, 400], statistics=Absent
    [lint] limit_pushdown_missed at CoalesceBatchesExec (root): supports_limit_pushdown() is false, but with every child limited to its first n rows per partition, for n in [1, 7, 601], every output partition has the first n rows of the same partition of the normal output, so a limit above the node could be pushed to its children; return true from supports_limit_pushdown if this holds for every input
  case empty input: no violations
  case uniform constants:
    CoalesceBatchesExec: target_batch_size=8192
      MockSourceExec: partitioning=UnknownPartitioning(3), partition_rows=[200, 0, 400], statistics=Exact, constants=[a@0(uniform: 11),b@1(uniform: false),c@2(uniform: s000)]
    [lint] limit_pushdown_missed at CoalesceBatchesExec (root): supports_limit_pushdown() is false, but with every child limited to its first n rows per partition, for n in [1, 7, 601], every output partition has the first n rows of the same partition of the normal output, so a limit above the node could be pushed to its children; return true from supports_limit_pushdown if this holds for every input
  case constants per partition:
    CoalesceBatchesExec: target_batch_size=8192
      MockSourceExec: partitioning=UnknownPartitioning(3), partition_rows=[200, 0, 400], statistics=Exact, constants=[a@0(heterogeneous),b@1(heterogeneous),c@2(heterogeneous)]
    [lint] limit_pushdown_missed at CoalesceBatchesExec (root): supports_limit_pushdown() is false, but with every child limited to its first n rows per partition, for n in [1, 7, 601], every output partition has the first n rows of the same partition of the normal output, so a limit above the node could be pushed to its children; return true from supports_limit_pushdown if this holds for every input

## CoalesceBatchesExec with fetch
  case default:
    CoalesceBatchesExec: target_batch_size=8192, fetch=10
      MockSourceExec: partitioning=UnknownPartitioning(3), partition_rows=[200, 0, 400], statistics=Exact
    [invariant] fetch_not_equal_cardinality at CoalesceBatchesExec (root): fetch() is Some(10), but cardinality_effect() is Equal; a fetch can drop input rows, so the effect should be LowerEqual while a fetch is set
    [lint] limit_pushdown_missed at CoalesceBatchesExec (root): supports_limit_pushdown() is false, but with every child limited to its first n rows per partition, for n in [1, 7, 601], every output partition has the first n rows of the same partition of the normal output, so a limit above the node could be pushed to its children; return true from supports_limit_pushdown if this holds for every input
    [invariant] partition_statistics_sum at CoalesceBatchesExec (root): overall num_rows is Exact(10), but the exact per-partition num_rows [10, 0, 10] sum to 20
    [invariant] exact_statistics_hold at CoalesceBatchesExec (root): the overall statistics are false: num_rows is Exact(10), but the output has 20 rows
    [invariant] cardinality_effect_holds at CoalesceBatchesExec (root): cardinality_effect() is Equal, but the node produced 20 rows from 600 input rows
    [lint] boundedness_holds at CoalesceBatchesExec (root): rebuilt with child 0 unbounded, the node reports Boundedness::Unbounded, but it has fetch Some(10) and otherwise passes every row through, so like GlobalLimitExec its output ends once the fetch is reached
  case single partition:
    CoalesceBatchesExec: target_batch_size=8192, fetch=10
      MockSourceExec: partitioning=UnknownPartitioning(1), partition_rows=[600], statistics=Exact
    [invariant] fetch_not_equal_cardinality at CoalesceBatchesExec (root): fetch() is Some(10), but cardinality_effect() is Equal; a fetch can drop input rows, so the effect should be LowerEqual while a fetch is set
    [lint] limit_pushdown_missed at CoalesceBatchesExec (root): supports_limit_pushdown() is false, but with every child limited to its first n rows per partition, for n in [1, 7, 601], every output partition has the first n rows of the same partition of the normal output, so a limit above the node could be pushed to its children; return true from supports_limit_pushdown if this holds for every input
    [invariant] cardinality_effect_holds at CoalesceBatchesExec (root): cardinality_effect() is Equal, but the node produced 10 rows from 600 input rows
  case inexact statistics:
    CoalesceBatchesExec: target_batch_size=8192, fetch=10
      MockSourceExec: partitioning=UnknownPartitioning(3), partition_rows=[200, 0, 400], statistics=Inexact
    [invariant] fetch_not_equal_cardinality at CoalesceBatchesExec (root): fetch() is Some(10), but cardinality_effect() is Equal; a fetch can drop input rows, so the effect should be LowerEqual while a fetch is set
    [lint] limit_pushdown_missed at CoalesceBatchesExec (root): supports_limit_pushdown() is false, but with every child limited to its first n rows per partition, for n in [1, 7, 601], every output partition has the first n rows of the same partition of the normal output, so a limit above the node could be pushed to its children; return true from supports_limit_pushdown if this holds for every input
    [invariant] cardinality_effect_holds at CoalesceBatchesExec (root): cardinality_effect() is Equal, but the node produced 20 rows from 600 input rows
  case absent statistics:
    CoalesceBatchesExec: target_batch_size=8192, fetch=10
      MockSourceExec: partitioning=UnknownPartitioning(3), partition_rows=[200, 0, 400], statistics=Absent
    [invariant] fetch_not_equal_cardinality at CoalesceBatchesExec (root): fetch() is Some(10), but cardinality_effect() is Equal; a fetch can drop input rows, so the effect should be LowerEqual while a fetch is set
    [lint] limit_pushdown_missed at CoalesceBatchesExec (root): supports_limit_pushdown() is false, but with every child limited to its first n rows per partition, for n in [1, 7, 601], every output partition has the first n rows of the same partition of the normal output, so a limit above the node could be pushed to its children; return true from supports_limit_pushdown if this holds for every input
    [invariant] cardinality_effect_holds at CoalesceBatchesExec (root): cardinality_effect() is Equal, but the node produced 20 rows from 600 input rows
  case empty input:
    CoalesceBatchesExec: target_batch_size=8192, fetch=10
      MockSourceExec: partitioning=UnknownPartitioning(3), partition_rows=[0, 0, 0], statistics=Exact
    [invariant] fetch_not_equal_cardinality at CoalesceBatchesExec (root): fetch() is Some(10), but cardinality_effect() is Equal; a fetch can drop input rows, so the effect should be LowerEqual while a fetch is set
  case uniform constants:
    CoalesceBatchesExec: target_batch_size=8192, fetch=10
      MockSourceExec: partitioning=UnknownPartitioning(3), partition_rows=[200, 0, 400], statistics=Exact, constants=[a@0(uniform: 11),b@1(uniform: false),c@2(uniform: s000)]
    [invariant] fetch_not_equal_cardinality at CoalesceBatchesExec (root): fetch() is Some(10), but cardinality_effect() is Equal; a fetch can drop input rows, so the effect should be LowerEqual while a fetch is set
    [lint] limit_pushdown_missed at CoalesceBatchesExec (root): supports_limit_pushdown() is false, but with every child limited to its first n rows per partition, for n in [1, 7, 601], every output partition has the first n rows of the same partition of the normal output, so a limit above the node could be pushed to its children; return true from supports_limit_pushdown if this holds for every input
    [invariant] partition_statistics_sum at CoalesceBatchesExec (root): overall num_rows is Exact(10), but the exact per-partition num_rows [10, 0, 10] sum to 20
    [invariant] exact_statistics_hold at CoalesceBatchesExec (root): the overall statistics are false: num_rows is Exact(10), but the output has 20 rows
    [invariant] cardinality_effect_holds at CoalesceBatchesExec (root): cardinality_effect() is Equal, but the node produced 20 rows from 600 input rows
  case constants per partition:
    CoalesceBatchesExec: target_batch_size=8192, fetch=10
      MockSourceExec: partitioning=UnknownPartitioning(3), partition_rows=[200, 0, 400], statistics=Exact, constants=[a@0(heterogeneous),b@1(heterogeneous),c@2(heterogeneous)]
    [invariant] fetch_not_equal_cardinality at CoalesceBatchesExec (root): fetch() is Some(10), but cardinality_effect() is Equal; a fetch can drop input rows, so the effect should be LowerEqual while a fetch is set
    [lint] limit_pushdown_missed at CoalesceBatchesExec (root): supports_limit_pushdown() is false, but with every child limited to its first n rows per partition, for n in [1, 7, 601], every output partition has the first n rows of the same partition of the normal output, so a limit above the node could be pushed to its children; return true from supports_limit_pushdown if this holds for every input
    [invariant] partition_statistics_sum at CoalesceBatchesExec (root): overall num_rows is Exact(10), but the exact per-partition num_rows [10, 0, 10] sum to 20
    [invariant] exact_statistics_hold at CoalesceBatchesExec (root): the overall statistics are false: num_rows is Exact(10), but the output has 20 rows
    [invariant] cardinality_effect_holds at CoalesceBatchesExec (root): cardinality_effect() is Equal, but the node produced 20 rows from 600 input rows

## CoalescePartitionsExec
  case default: no violations
  case single partition:
    CoalescePartitionsExec
      MockSourceExec: partitioning=UnknownPartitioning(1), partition_rows=[600], statistics=Exact
    [lint] maintains_input_order_missed at CoalescePartitionsExec (root): maintains_input_order()[0] is false, but every output partition only has rows of one partition of child 0, in the order of that partition; return true if the node never reorders the rows of this child, and keep the child's orderings in the output equivalence properties
  case inexact statistics: no violations
  case absent statistics: no violations
  case empty input: no violations
  case uniform constants: no violations
  case constants per partition: no violations

## CoalescePartitionsExec with fetch
  case default:
    CoalescePartitionsExec: fetch=10
      MockSourceExec: partitioning=UnknownPartitioning(3), partition_rows=[200, 0, 400], statistics=Exact
    [invariant] fetch_not_equal_cardinality at CoalescePartitionsExec (root): fetch() is Some(10), but cardinality_effect() is Equal; a fetch can drop input rows, so the effect should be LowerEqual while a fetch is set
    [invariant] cardinality_effect_holds at CoalescePartitionsExec (root): cardinality_effect() is Equal, but the node produced 10 rows from 600 input rows
    [lint] boundedness_holds at CoalescePartitionsExec (root): rebuilt with child 0 unbounded, the node reports Boundedness::Unbounded, but it has fetch Some(10) and otherwise passes every row through, so like GlobalLimitExec its output ends once the fetch is reached
  case single partition:
    CoalescePartitionsExec: fetch=10
      MockSourceExec: partitioning=UnknownPartitioning(1), partition_rows=[600], statistics=Exact
    [invariant] fetch_not_equal_cardinality at CoalescePartitionsExec (root): fetch() is Some(10), but cardinality_effect() is Equal; a fetch can drop input rows, so the effect should be LowerEqual while a fetch is set
    [lint] maintains_input_order_missed at CoalescePartitionsExec (root): maintains_input_order()[0] is false, but every output partition only has rows of one partition of child 0, in the order of that partition; return true if the node never reorders the rows of this child, and keep the child's orderings in the output equivalence properties
    [invariant] cardinality_effect_holds at CoalescePartitionsExec (root): cardinality_effect() is Equal, but the node produced 10 rows from 600 input rows
  case inexact statistics:
    CoalescePartitionsExec: fetch=10
      MockSourceExec: partitioning=UnknownPartitioning(3), partition_rows=[200, 0, 400], statistics=Inexact
    [invariant] fetch_not_equal_cardinality at CoalescePartitionsExec (root): fetch() is Some(10), but cardinality_effect() is Equal; a fetch can drop input rows, so the effect should be LowerEqual while a fetch is set
    [invariant] cardinality_effect_holds at CoalescePartitionsExec (root): cardinality_effect() is Equal, but the node produced 10 rows from 600 input rows
  case absent statistics:
    CoalescePartitionsExec: fetch=10
      MockSourceExec: partitioning=UnknownPartitioning(3), partition_rows=[200, 0, 400], statistics=Absent
    [invariant] fetch_not_equal_cardinality at CoalescePartitionsExec (root): fetch() is Some(10), but cardinality_effect() is Equal; a fetch can drop input rows, so the effect should be LowerEqual while a fetch is set
    [invariant] cardinality_effect_holds at CoalescePartitionsExec (root): cardinality_effect() is Equal, but the node produced 10 rows from 600 input rows
  case empty input:
    CoalescePartitionsExec: fetch=10
      MockSourceExec: partitioning=UnknownPartitioning(3), partition_rows=[0, 0, 0], statistics=Exact
    [invariant] fetch_not_equal_cardinality at CoalescePartitionsExec (root): fetch() is Some(10), but cardinality_effect() is Equal; a fetch can drop input rows, so the effect should be LowerEqual while a fetch is set
  case uniform constants:
    CoalescePartitionsExec: fetch=10
      MockSourceExec: partitioning=UnknownPartitioning(3), partition_rows=[200, 0, 400], statistics=Exact, constants=[a@0(uniform: 11),b@1(uniform: false),c@2(uniform: s000)]
    [invariant] fetch_not_equal_cardinality at CoalescePartitionsExec (root): fetch() is Some(10), but cardinality_effect() is Equal; a fetch can drop input rows, so the effect should be LowerEqual while a fetch is set
    [invariant] cardinality_effect_holds at CoalescePartitionsExec (root): cardinality_effect() is Equal, but the node produced 10 rows from 600 input rows
  case constants per partition:
    CoalescePartitionsExec: fetch=10
      MockSourceExec: partitioning=UnknownPartitioning(3), partition_rows=[200, 0, 400], statistics=Exact, constants=[a@0(heterogeneous),b@1(heterogeneous),c@2(heterogeneous)]
    [invariant] fetch_not_equal_cardinality at CoalescePartitionsExec (root): fetch() is Some(10), but cardinality_effect() is Equal; a fetch can drop input rows, so the effect should be LowerEqual while a fetch is set
    [invariant] cardinality_effect_holds at CoalescePartitionsExec (root): cardinality_effect() is Equal, but the node produced 10 rows from 600 input rows

## SortExec
  case default: no violations
  case single partition: no violations
  case inexact statistics: no violations
  case absent statistics: no violations
  case empty input: no violations
  case uniform constants: no violations
  case constants per partition: no violations

## SortExec with fetch
  case default: no violations
  case single partition: no violations
  case inexact statistics: no violations
  case absent statistics: no violations
  case empty input: no violations
  case uniform constants: no violations
  case constants per partition: no violations

## SortExec on a nullable column
  case default: no violations
  case single partition: no violations
  case inexact statistics: no violations
  case absent statistics: no violations
  case empty input: no violations
  case uniform constants: no violations
  case constants per partition: no violations

## SortExec on sorted input
  case default: no violations
  case single partition: no violations
  case inexact statistics: no violations
  case absent statistics: no violations
  case empty input: no violations
  case uniform constants: no violations
  case constants per partition: no violations

## SortExec with fetch on sorted input
  case default:
    SortExec: TopK(fetch=10), expr=[a@0 ASC], preserve_partitioning=[false], sort_prefix=[a@0 ASC]
      MockSourceExec: partitioning=UnknownPartitioning(1), partition_rows=[600], statistics=Exact, output_ordering=[a@0 ASC]
    [lint] boundedness_holds at SortExec(TopK) (root): rebuilt with child 0 unbounded, the node reports Boundedness::Unbounded, but it has fetch Some(10) and otherwise passes every row through, so like GlobalLimitExec its output ends once the fetch is reached
  case single partition: no violations
  case inexact statistics: no violations
  case absent statistics: no violations
  case empty input: no violations
  case uniform constants: no violations
  case constants per partition: no violations

## SortExec with preserve_partitioning
  case default: no violations
  case single partition: no violations
  case inexact statistics: no violations
  case absent statistics: no violations
  case empty input: no violations
  case uniform constants: no violations
  case constants per partition: no violations

## SortExec with preserve_partitioning and fetch
  case default:
    SortExec: TopK(fetch=10), expr=[a@0 ASC], preserve_partitioning=[true]
      MockSourceExec: partitioning=UnknownPartitioning(3), partition_rows=[200, 0, 400], statistics=Exact
    [invariant] partition_statistics_sum at SortExec(TopK) (root): overall num_rows is Exact(10), but the exact per-partition num_rows [10, 0, 10] sum to 20
    [invariant] exact_statistics_hold at SortExec(TopK) (root): the partition 2 statistics are false: num_rows is Exact(10), but the output has 0 rows
  case single partition: no violations
  case inexact statistics: no violations
  case absent statistics: no violations
  case empty input: no violations
  case uniform constants:
    SortExec: TopK(fetch=10), expr=[a@0 ASC], preserve_partitioning=[true]
      MockSourceExec: partitioning=UnknownPartitioning(3), partition_rows=[200, 0, 400], statistics=Exact, constants=[a@0(uniform: 11),b@1(uniform: false),c@2(uniform: s000)]
    [invariant] partition_statistics_sum at SortExec(TopK) (root): overall num_rows is Exact(10), but the exact per-partition num_rows [10, 0, 10] sum to 20
    [invariant] exact_statistics_hold at SortExec(TopK) (root): the overall statistics are false: num_rows is Exact(10), but the output has 20 rows
  case constants per partition:
    SortExec: TopK(fetch=10), expr=[a@0 ASC], preserve_partitioning=[true], sort_prefix=[a@0 ASC]
      MockSourceExec: partitioning=UnknownPartitioning(3), partition_rows=[200, 0, 400], statistics=Exact, constants=[a@0(heterogeneous),b@1(heterogeneous),c@2(heterogeneous)]
    [invariant] partition_statistics_sum at SortExec(TopK) (root): overall num_rows is Exact(10), but the exact per-partition num_rows [10, 0, 10] sum to 20
    [invariant] exact_statistics_hold at SortExec(TopK) (root): the overall statistics are false: num_rows is Exact(10), but the output has 20 rows

## SortPreservingMergeExec
  case default: no violations
  case single partition: no violations
  case inexact statistics: no violations
  case absent statistics: no violations
  case empty input: no violations
  case uniform constants: no violations
  case constants per partition: no violations

## SortPreservingMergeExec with fetch
  case default:
    SortPreservingMergeExec: [a@0 ASC], fetch=10
      MockSourceExec: partitioning=UnknownPartitioning(3), partition_rows=[200, 0, 400], statistics=Exact, output_ordering=[a@0 ASC]
    [lint] boundedness_holds at SortPreservingMergeExec (root): rebuilt with child 0 unbounded, the node reports Boundedness::Unbounded, but it has fetch Some(10) and otherwise passes every row through, so like GlobalLimitExec its output ends once the fetch is reached
  case single partition: no violations
  case inexact statistics: no violations
  case absent statistics: no violations
  case empty input: no violations
  case uniform constants: no violations
  case constants per partition: no violations

## RepartitionExec round robin
  case default:
    RepartitionExec: partitioning=RoundRobinBatch(4), input_partitions=3
      MockSourceExec: partitioning=UnknownPartitioning(3), partition_rows=[200, 0, 400], statistics=Exact
    [lint] streams_released at RepartitionExec (root): after the output streams were dropped part way, the streams of partitions [0, 1, 2] of child 0 were only dropped once the plan itself was dropped; the plan keeps input streams, or tasks that poll them, alive
  case single partition: no violations
  case inexact statistics: no violations
  case absent statistics: no violations
  case empty input: no violations
  case uniform constants: no violations
  case constants per partition: no violations

## RepartitionExec hash
  case default:
    RepartitionExec: partitioning=Hash([a@0], 4), input_partitions=3
      MockSourceExec: partitioning=UnknownPartitioning(3), partition_rows=[200, 0, 400], statistics=Exact
    [lint] streams_released at RepartitionExec (root): after the output streams were dropped part way, the streams of partitions [0, 1, 2] of child 0 were only dropped once the plan itself was dropped; the plan keeps input streams, or tasks that poll them, alive
  case single partition: no violations
  case inexact statistics: no violations
  case absent statistics: no violations
  case empty input: no violations
  case uniform constants: no violations
  case constants per partition: no violations

## GlobalLimitExec
  case default: no violations
  case single partition: no violations
  case inexact statistics: no violations
  case absent statistics: no violations
  case empty input: no violations
  case uniform constants: no violations
  case constants per partition: no violations

## GlobalLimitExec without fetch
  case default:
    GlobalLimitExec: skip=5, fetch=None
      MockSourceExec: partitioning=UnknownPartitioning(1), partition_rows=[600], statistics=Exact
    [invariant] boundedness_holds at GlobalLimitExec (root): rebuilt with child 0 unbounded, the node reports Boundedness::Bounded, but its output did not end while the child kept delivering rows
  case single partition: no violations
  case inexact statistics: no violations
  case absent statistics: no violations
  case empty input: no violations
  case uniform constants: no violations
  case constants per partition: no violations

## LocalLimitExec
  case default:
    LocalLimitExec: fetch=10
      MockSourceExec: partitioning=UnknownPartitioning(3), partition_rows=[200, 0, 400], statistics=Exact
    [invariant] partition_statistics_sum at LocalLimitExec (root): overall num_rows is Exact(10), but the exact per-partition num_rows [10, 0, 10] sum to 20
    [invariant] exact_statistics_hold at LocalLimitExec (root): the overall statistics are false: num_rows is Exact(10), but the output has 20 rows
  case single partition: no violations
  case inexact statistics: no violations
  case absent statistics: no violations
  case empty input: no violations
  case uniform constants:
    LocalLimitExec: fetch=10
      MockSourceExec: partitioning=UnknownPartitioning(3), partition_rows=[200, 0, 400], statistics=Exact, constants=[a@0(uniform: 11),b@1(uniform: false),c@2(uniform: s000)]
    [invariant] partition_statistics_sum at LocalLimitExec (root): overall num_rows is Exact(10), but the exact per-partition num_rows [10, 0, 10] sum to 20
    [invariant] exact_statistics_hold at LocalLimitExec (root): the overall statistics are false: num_rows is Exact(10), but the output has 20 rows
  case constants per partition:
    LocalLimitExec: fetch=10
      MockSourceExec: partitioning=UnknownPartitioning(3), partition_rows=[200, 0, 400], statistics=Exact, constants=[a@0(heterogeneous),b@1(heterogeneous),c@2(heterogeneous)]
    [invariant] partition_statistics_sum at LocalLimitExec (root): overall num_rows is Exact(10), but the exact per-partition num_rows [10, 0, 10] sum to 20
    [invariant] exact_statistics_hold at LocalLimitExec (root): the overall statistics are false: num_rows is Exact(10), but the output has 20 rows

## UnionExec
  case default: no violations
  case single partition: no violations
  case inexact statistics: no violations
  case absent statistics: no violations
  case empty input: no violations
  case uniform constants: no violations
  case constants per partition: no violations

## BufferExec
  case default:
    BufferExec: capacity=1024
      MockSourceExec: partitioning=UnknownPartitioning(3), partition_rows=[200, 0, 400], statistics=Exact
    [lint] limit_pushdown_missed at BufferExec (root): supports_limit_pushdown() is false, but with every child limited to its first n rows per partition, for n in [1, 7, 601], every output partition has the first n rows of the same partition of the normal output, so a limit above the node could be pushed to its children; return true from supports_limit_pushdown if this holds for every input
  case single partition:
    BufferExec: capacity=1024
      MockSourceExec: partitioning=UnknownPartitioning(1), partition_rows=[600], statistics=Exact
    [lint] limit_pushdown_missed at BufferExec (root): supports_limit_pushdown() is false, but with every child limited to its first n rows per partition, for n in [1, 7, 601], every output partition has the first n rows of the same partition of the normal output, so a limit above the node could be pushed to its children; return true from supports_limit_pushdown if this holds for every input
  case inexact statistics:
    BufferExec: capacity=1024
      MockSourceExec: partitioning=UnknownPartitioning(3), partition_rows=[200, 0, 400], statistics=Inexact
    [lint] limit_pushdown_missed at BufferExec (root): supports_limit_pushdown() is false, but with every child limited to its first n rows per partition, for n in [1, 7, 601], every output partition has the first n rows of the same partition of the normal output, so a limit above the node could be pushed to its children; return true from supports_limit_pushdown if this holds for every input
  case absent statistics:
    BufferExec: capacity=1024
      MockSourceExec: partitioning=UnknownPartitioning(3), partition_rows=[200, 0, 400], statistics=Absent
    [lint] limit_pushdown_missed at BufferExec (root): supports_limit_pushdown() is false, but with every child limited to its first n rows per partition, for n in [1, 7, 601], every output partition has the first n rows of the same partition of the normal output, so a limit above the node could be pushed to its children; return true from supports_limit_pushdown if this holds for every input
  case empty input: no violations
  case uniform constants:
    BufferExec: capacity=1024
      MockSourceExec: partitioning=UnknownPartitioning(3), partition_rows=[200, 0, 400], statistics=Exact, constants=[a@0(uniform: 11),b@1(uniform: false),c@2(uniform: s000)]
    [lint] limit_pushdown_missed at BufferExec (root): supports_limit_pushdown() is false, but with every child limited to its first n rows per partition, for n in [1, 7, 601], every output partition has the first n rows of the same partition of the normal output, so a limit above the node could be pushed to its children; return true from supports_limit_pushdown if this holds for every input
  case constants per partition:
    BufferExec: capacity=1024
      MockSourceExec: partitioning=UnknownPartitioning(3), partition_rows=[200, 0, 400], statistics=Exact, constants=[a@0(heterogeneous),b@1(heterogeneous),c@2(heterogeneous)]
    [lint] limit_pushdown_missed at BufferExec (root): supports_limit_pushdown() is false, but with every child limited to its first n rows per partition, for n in [1, 7, 601], every output partition has the first n rows of the same partition of the normal output, so a limit above the node could be pushed to its children; return true from supports_limit_pushdown if this holds for every input

## CooperativeExec
  case default: no violations
  case single partition: no violations
  case inexact statistics: no violations
  case absent statistics: no violations
  case empty input: no violations
  case uniform constants: no violations
  case constants per partition: no violations
